// Jest Snapshot v1, https://goo.gl/fbAQLP

exports[`testRender 1`] = `<app />`;
